Last login: Thu Apr 29 11:23:12 2021 from 192.168.23.224
[ansible-user@awx ~]$ su -
Password: 
Last login: Thu Apr 29 11:23:32 JST 2021 on tty1
[root@awx ~]# dnf -y install epel-release
Last metadata expiration check: 2:27:01 ago on Sat 01 May 2021 07:23:31 PM JST.
Dependencies resolved.
=============================================================================================================================================
 Package                              Architecture                   Version                            Repository                      Size
=============================================================================================================================================
Installing:
 epel-release                         noarch                         8-8.el8                            extras                          23 k
　　　　　・
　　　　　・
　　　　　・
Installed:
  epel-release-8-8.el8.noarch                                                                                                                

Complete!
[root@awx ~]# dnf -y update
Extra Packages for Enterprise Linux Modular 8 - x86_64                                                       653 kB/s | 557 kB     00:00    
Extra Packages for Enterprise Linux 8 - x86_64                                                               8.4 MB/s | 9.3 MB     00:01    
Dependencies resolved.
=============================================================================================================================================
 Package                                 Architecture           Version                                         Repository              Size
=============================================================================================================================================
Installing:
 kernel                                  x86_64                 4.18.0-240.22.1.el8_3                           baseos                 4.4 M
　　　　　・
　　　　　・
　　　　　・
Installed:
  grub2-tools-efi-1:2.02-90.el8_3.1.x86_64          kernel-4.18.0-240.22.1.el8_3.x86_64       kernel-core-4.18.0-240.22.1.el8_3.x86_64      
  kernel-modules-4.18.0-240.22.1.el8_3.x86_64      

Complete!
[root@awx ~]# sestatus
SELinux status:                 enabled
SELinuxfs mount:                /sys/fs/selinux
SELinux root directory:         /etc/selinux
Loaded policy name:             targeted
Current mode:                   enforcing
Mode from config file:          enforcing
Policy MLS status:              enabled
Policy deny_unknown status:     allowed
Memory protection checking:     actual (secure)
Max kernel policy version:      32
[root@awx ~]# grep -v '^#' /etc/selinux/config | grep -v '^$' > mae.txt
[root@awx ~]# vi /etc/selinux/config
[root@awx ~]# grep -v '^#' /etc/selinux/config | grep -v '^$' > ato.txt
[root@awx ~]# diff -y mae.txt ato.txt
SELINUX=enforcing                                             | SELINUX=disabled
SELINUXTYPE=targeted                                            SELINUXTYPE=targeted
[root@awx ~]# grep -v '^#' /etc/selinux/config | grep -v '^$'
SELINUX=disabled
SELINUXTYPE=targeted
[root@awx ~]# reboot
Last login: Sat May  1 21:50:11 2021 from 192.168.23.234
[ansible-user@awx ~]$ su -
Password: 
Last login: Sat May  1 21:50:22 JST 2021 on pts/0
[root@awx ~]# sestatus
SELinux status:                 disabled
[root@awx ~]# dnf -y install wget unzip git gcc gcc-c++ nodejs gettext device-mapper-persistent-data lvm2 bzip2 python3-pip ansible
Last metadata expiration check: 0:07:10 ago on Sat 01 May 2021 09:50:41 PM JST.
Package gettext-0.19.8.1-17.el8.x86_64 is already installed.
Package device-mapper-persistent-data-0.8.5-4.el8.x86_64 is already installed.
Package lvm2-8:2.03.09-5.el8.x86_64 is already installed.
Dependencies resolved.
=============================================================================================================================================
 Package                           Architecture      Version                                                      Repository            Size
=============================================================================================================================================
Installing:
 ansible                           noarch            2.9.20-1.el8                                                 epel                  17 M
 bzip2                             x86_64            1.0.6-26.el8                                                 baseos                60 k
 gcc                               x86_64            8.3.1-5.1.el8                                                appstream             23 M
　　　　　・
　　　　　・
　　　　　・
Installed:
  ansible-2.9.20-1.el8.noarch                                            binutils-2.30-79.el8.x86_64                                         
  bzip2-1.0.6-26.el8.x86_64                                              cpp-8.3.1-5.1.el8.x86_64                                            
  emacs-filesystem-1:26.1-5.el8.noarch                                   gcc-8.3.1-5.1.el8.x86_64                                            
  gcc-c++-8.3.1-5.1.el8.x86_64                                           git-2.27.0-1.el8.x86_64                                             
  git-core-2.27.0-1.el8.x86_64                                           git-core-doc-2.27.0-1.el8.noarch                                    
  glibc-devel-2.28-127.el8.x86_64                                        glibc-headers-2.28-127.el8.x86_64                                   
  isl-0.16.1-6.el8.x86_64                                                kernel-headers-4.18.0-240.22.1.el8_3.x86_64                         
  libmpc-1.0.2-9.el8.x86_64                                              libpkgconf-1.4.2-1.el8.x86_64                                       
  libsodium-1.0.18-2.el8.x86_64                                          libstdc++-devel-8.3.1-5.1.el8.x86_64                                
  libxcrypt-devel-4.1.1-4.el8.x86_64                                     nodejs-1:10.24.0-1.module_el8.3.0+717+fa496f1d.x86_64               
  nodejs-full-i18n-1:10.24.0-1.module_el8.3.0+717+fa496f1d.x86_64        npm-1:6.14.11-1.10.24.0.1.module_el8.3.0+717+fa496f1d.x86_64        
  perl-Carp-1.42-396.el8.noarch                                          perl-Data-Dumper-2.167-399.el8.x86_64                               
  perl-Digest-1.17-395.el8.noarch                                        perl-Digest-MD5-2.55-396.el8.x86_64                                 
  perl-Encode-4:2.97-3.el8.x86_64                                        perl-Errno-1.28-416.el8.x86_64                                      
  perl-Error-1:0.17025-2.el8.noarch                                      perl-Exporter-5.72-396.el8.noarch                                   
  perl-File-Path-2.15-2.el8.noarch                                       perl-File-Temp-0.230.600-1.el8.noarch                               
  perl-Getopt-Long-1:2.50-4.el8.noarch                                   perl-Git-2.27.0-1.el8.noarch                                        
  perl-HTTP-Tiny-0.074-1.el8.noarch                                      perl-IO-1.38-416.el8.x86_64                                         
  perl-IO-Socket-IP-0.39-5.el8.noarch                                    perl-IO-Socket-SSL-2.066-4.module_el8.3.0+410+ff426aa3.noarch       
  perl-MIME-Base64-3.15-396.el8.x86_64                                   perl-Mozilla-CA-20160104-7.module_el8.3.0+416+dee7bcef.noarch       
  perl-Net-SSLeay-1.88-1.module_el8.3.0+410+ff426aa3.x86_64              perl-PathTools-3.74-1.el8.x86_64                                    
  perl-Pod-Escapes-1:1.07-395.el8.noarch                                 perl-Pod-Perldoc-3.28-396.el8.noarch                                
  perl-Pod-Simple-1:3.35-395.el8.noarch                                  perl-Pod-Usage-4:1.69-395.el8.noarch                                
  perl-Scalar-List-Utils-3:1.49-2.el8.x86_64                             perl-Socket-4:2.027-3.el8.x86_64                                    
  perl-Storable-1:3.11-3.el8.x86_64                                      perl-Term-ANSIColor-4.06-396.el8.noarch                             
  perl-Term-Cap-1.17-395.el8.noarch                                      perl-TermReadKey-2.37-7.el8.x86_64                                  
  perl-Text-ParseWords-3.30-395.el8.noarch                               perl-Text-Tabs+Wrap-2013.0523-395.el8.noarch                        
  perl-Time-Local-1:1.280-1.el8.noarch                                   perl-URI-1.73-3.el8.noarch                                          
  perl-Unicode-Normalize-1.25-396.el8.x86_64                             perl-constant-1.33-396.el8.noarch                                   
  perl-interpreter-4:5.26.3-416.el8.x86_64                               perl-libnet-3.11-3.el8.noarch                                       
  perl-libs-4:5.26.3-416.el8.x86_64                                      perl-macros-4:5.26.3-416.el8.x86_64                                 
  perl-parent-1:0.237-1.el8.noarch                                       perl-podlators-4.11-1.el8.noarch                                    
  perl-threads-1:2.21-2.el8.x86_64                                       perl-threads-shared-1.58-2.el8.x86_64                               
  pkgconf-1.4.2-1.el8.x86_64                                             pkgconf-m4-1.4.2-1.el8.noarch                                       
  pkgconf-pkg-config-1.4.2-1.el8.x86_64                                  python3-asn1crypto-0.24.0-3.el8.noarch                              
  python3-babel-2.5.1-5.el8.noarch                                       python3-bcrypt-3.1.6-2.el8.1.x86_64                                 
  python3-cffi-1.11.5-5.el8.x86_64                                       python3-cryptography-2.3-3.el8.x86_64                               
  python3-idna-2.5-5.el8.noarch                                          python3-jinja2-2.10.1-2.el8_0.noarch                                
  python3-jmespath-0.9.0-11.el8.noarch                                   python3-markupsafe-0.23-19.el8.x86_64                               
  python3-paramiko-2.4.3-1.el8.noarch                                    python3-pip-9.0.3-18.el8.noarch                                     
  python3-ply-3.9-8.el8.noarch                                           python3-pyasn1-0.3.7-6.el8.noarch                                   
  python3-pycparser-2.14-14.el8.noarch                                   python3-pynacl-1.3.0-5.el8.x86_64                                   
  python3-pytz-2017.2-9.el8.noarch                                       python3-pyyaml-3.12-12.el8.x86_64                                   
  python3-setuptools-39.2.0-6.el8.noarch                                 python36-3.6.8-2.module_el8.3.0+562+e162826a.x86_64                 
  sshpass-1.06-9.el8.x86_64                                              unzip-6.0-43.el8.x86_64                                             
  wget-1.19.5-10.el8.x86_64                                             

Complete!
[root@awx ~]# dnf config-manager --add-repo=https://download.docker.com/linux/centos/docker-ce.repo
Adding repo from: https://download.docker.com/linux/centos/docker-ce.repo
[root@awx ~]# dnf -y  install docker-ce docker-ce-cli containerd.io
Docker CE Stable - x86_64                                                                                     68 kB/s |  12 kB     00:00    
Dependencies resolved.
=============================================================================================================================================
 Package                                Architecture     Version                                            Repository                  Size
=============================================================================================================================================
Installing:
 containerd.io                          x86_64           1.4.4-3.1.el8                                      docker-ce-stable            33 M
 docker-ce                              x86_64           3:20.10.6-3.el8                                    docker-ce-stable            27 M
 docker-ce-cli                          x86_64           1:20.10.6-3.el8                                    docker-ce-stable            33 M
　　　　　・
　　　　　・
　　　　　・
Installed:
  checkpolicy-2.9-1.el8.x86_64                                container-selinux-2:2.155.0-1.module_el8.3.0+699+d61d9c41.noarch              
  containerd.io-1.4.4-3.1.el8.x86_64                          docker-ce-3:20.10.6-3.el8.x86_64                                              
  docker-ce-cli-1:20.10.6-3.el8.x86_64                        docker-ce-rootless-extras-20.10.6-3.el8.x86_64                                
  docker-scan-plugin-0.7.0-3.el8.x86_64                       fuse-overlayfs-1.3.0-2.module_el8.3.0+699+d61d9c41.x86_64                     
  fuse3-3.2.1-12.el8.x86_64                                   fuse3-libs-3.2.1-12.el8.x86_64                                                
  libcgroup-0.41-19.el8.x86_64                                libslirp-4.3.1-1.module_el8.3.0+475+c50ce30b.x86_64                           
  policycoreutils-python-utils-2.9-9.el8.noarch               python3-audit-3.0-0.17.20191104git1c2f876.el8.x86_64                          
  python3-libsemanage-2.9-3.el8.x86_64                        python3-policycoreutils-2.9-9.el8.noarch                                      
  python3-setools-4.3.0-2.el8.x86_64                          slirp4netns-1.1.8-1.module_el8.3.0+699+d61d9c41.x86_64                        

Complete!
[root@awx ~]# dnf list installed docker-ce docker-ce-cli containerd.io
Installed Packages
containerd.io.x86_64                                            1.4.4-3.1.el8                                               @docker-ce-stable
docker-ce.x86_64                                                3:20.10.6-3.el8                                             @docker-ce-stable
docker-ce-cli.x86_64                                            1:20.10.6-3.el8                                             @docker-ce-stable
[root@awx ~]# rpm -qa | grep docker
docker-ce-cli-20.10.6-3.el8.x86_64
docker-ce-20.10.6-3.el8.x86_64
docker-scan-plugin-0.7.0-3.el8.x86_64
docker-ce-rootless-extras-20.10.6-3.el8.x86_64
[root@awx ~]# usermod -aG docker $USER
[root@awx ~]# docker --version
Docker version 20.10.6, build 370c289
[root@awx ~]# alternatives --set python /usr/bin/python3
[root@awx ~]# python --version
Python 3.6.8
[root@awx ~]# systemctl start docker
[root@awx ~]# systemctl status docker
● docker.service - Docker Application Container Engine
   Loaded: loaded (/usr/lib/systemd/system/docker.service; disabled; vendor preset: disabled)
   Active: active (running) since Sat 2021-05-01 22:01:40 JST; 5s ago
     Docs: https://docs.docker.com
 Main PID: 6139 (dockerd)
    Tasks: 10
   Memory: 46.2M
   CGroup: /system.slice/docker.service
           └─6139 /usr/bin/dockerd -H fd:// --containerd=/run/containerd/containerd.sock

May 01 22:01:39 awx.exam.local dockerd[6139]: time="2021-05-01T22:01:39.625102398+09:00" level=warning msg="Your kernel does not support cgr>
May 01 22:01:39 awx.exam.local dockerd[6139]: time="2021-05-01T22:01:39.625134457+09:00" level=warning msg="Your kernel does not support cgr>
May 01 22:01:39 awx.exam.local dockerd[6139]: time="2021-05-01T22:01:39.625525121+09:00" level=info msg="Loading containers: start."
May 01 22:01:40 awx.exam.local dockerd[6139]: time="2021-05-01T22:01:40.569606132+09:00" level=info msg="Default bridge (docker0) is assigne>
May 01 22:01:40 awx.exam.local dockerd[6139]: time="2021-05-01T22:01:40.701480610+09:00" level=info msg="Firewalld: interface docker0 alread>
May 01 22:01:40 awx.exam.local dockerd[6139]: time="2021-05-01T22:01:40.851253500+09:00" level=info msg="Loading containers: done."
May 01 22:01:40 awx.exam.local dockerd[6139]: time="2021-05-01T22:01:40.883082840+09:00" level=info msg="Docker daemon" commit=8728dd2 graph>
May 01 22:01:40 awx.exam.local dockerd[6139]: time="2021-05-01T22:01:40.883251558+09:00" level=info msg="Daemon has completed initialization"
May 01 22:01:40 awx.exam.local systemd[1]: Started Docker Application Container Engine.
May 01 22:01:40 awx.exam.local dockerd[6139]: time="2021-05-01T22:01:40.915133017+09:00" level=info msg="API listen on /var/run/docker.sock"
[root@awx ~]# systemctl enable --now docker.service
Created symlink /etc/systemd/system/multi-user.target.wants/docker.service → /usr/lib/systemd/system/docker.service.
[root@awx ~]# pip3 install docker-compose selinux
WARNING: Running pip install with root privileges is generally not a good idea. Try `pip3 install --user` instead.
Collecting docker-compose
  Downloading https://files.pythonhosted.org/packages/68/5f/341e60edaff653942ae78d3036eb7fa0994b53582ed87beb8317d182d70f/docker_compose-1.29.
1-py2.py3-none-any.whl (114kB)
    100% |████████████████████████████████| 122kB 4.4MB/s 
Requirement already satisfied: selinux in /usr/lib64/python3.6/site-packages
　　　　　・
　　　　　・
　　　　　・
Successfully installed attrs-20.3.0 cached-property-1.5.2 certifi-2020.12.5 chardet-4.0.0 distro-1.5.0 docker-5.0.0 docker-compose-1.29.1 doc
kerpty-0.4.1 docopt-0.6.2 importlib-metadata-4.0.1 jsonschema-3.2.0 pyrsistent-0.17.3 python-dotenv-0.17.1 requests-2.25.1 texttable-1.6.3 ty
ping-extensions-3.7.4.3 urllib3-1.26.4 websocket-client-0.58.0 zipp-3.4.1
[root@awx ~]# docker-compose --version
docker-compose version 1.29.1, build unknown
[root@awx ~]# pip3 freeze
ansible==2.9.20
asn1crypto==0.24.0
attrs==20.3.0
　　　　　・
　　　　　・
　　　　　・
typing-extensions==3.7.4.3
urllib3==1.26.4
websocket-client==0.58.0
zipp==3.4.1
[root@awx ~]# wget https://github.com/ansible/awx/archive/17.1.0.zip
--2021-05-01 22:02:45--  https://github.com/ansible/awx/archive/17.1.0.zip
Resolving github.com (github.com)... 52.192.72.89
Connecting to github.com (github.com)|52.192.72.89|:443... connected.
HTTP request sent, awaiting response... 302 Found
Location: https://codeload.github.com/ansible/awx/zip/17.1.0 [following]
--2021-05-01 22:02:45--  https://codeload.github.com/ansible/awx/zip/17.1.0
Resolving codeload.github.com (codeload.github.com)... 52.68.31.213
Connecting to codeload.github.com (codeload.github.com)|52.68.31.213|:443... connected.
HTTP request sent, awaiting response... 200 OK
Length: unspecified [application/zip]
Saving to: ‘17.1.0.zip’

17.1.0.zip                              [         <=>                                                     ]  10.22M  5.33MB/s    in 1.9s    

2021-05-01 22:02:47 (5.33 MB/s) - ‘17.1.0.zip’ saved [10715509]

[root@awx ~]# unzip 17.1.0.zip
Archive:  17.1.0.zip
c1ab815c80cac96508d9779d92bc1280d0347627
   creating: awx-17.1.0/
  inflating: awx-17.1.0/.coveragerc  
 extracting: awx-17.1.0/.dockerignore  
　　　　　・
　　　　　・
　　　　　・
   creating: awx-17.1.0/tools/test/
  inflating: awx-17.1.0/tools/test/test_network_ui.sh  
  inflating: awx-17.1.0/tox.ini      
[root@awx ~]# cd awx-17.1.0/installer
[root@awx installer]# openssl rand -base64 30
EjN7ns8YyIqUI9/AzDf5WBvj1VDJqo3DyajDkcwn
[root@awx installer]# grep -v '^#' inventory | grep -v '^$' > mae.txt
[root@awx installer]# vi inventory
[root@awx installer]# grep -v '^#' inventory | grep -v '^$' > ato.txt
[root@awx installer]# diff -y mae.txt ato.txt
localhost ansible_connection=local ansible_python_interpreter   localhost ansible_connection=local ansible_python_interpreter
[all:vars]                                                      [all:vars]
dockerhub_base=ansible                                          dockerhub_base=ansible
awx_task_hostname=awx                                           awx_task_hostname=awx
awx_web_hostname=awxweb                                         awx_web_hostname=awxweb
postgres_data_dir="~/.awx/pgdocker"                           | postgres_data_dir="/var/lib/awx/pgdocker"
host_port=80                                                    host_port=80
host_port_ssl=443                                               host_port_ssl=443
docker_compose_dir="~/.awx/awxcompose"                        | docker_compose_dir="/var/lib/awx/awxcompose"
pg_username=awx                                                 pg_username=awx
pg_password=awxpass                                             pg_password=awxpass
pg_database=awx                                                 pg_database=awx
pg_port=5432                                                    pg_port=5432
                                                              > pg_admin_password=postgrespass
admin_user=admin                                                admin_user=admin
                                                              > admin_password=password
create_preload_data=True                                        create_preload_data=True
secret_key=awxsecret                                          | secret_key=EjN7ns8YyIqUI9/AzDf5WBvj1VDJqo3DyajDkcwn
                                                              > awx_official=true
                                                              > awx_alternate_dns_servers="8.8.8.8,8.8.4.4"
                                                              > project_data_dir=/var/lib/awx/projects
[root@awx installer]# grep -v '^#' inventory | grep -v '^$'
localhost ansible_connection=local ansible_python_interpreter="/usr/bin/env python3"
[all:vars]
dockerhub_base=ansible
awx_task_hostname=awx
awx_web_hostname=awxweb
postgres_data_dir="/var/lib/awx/pgdocker"
host_port=80
host_port_ssl=443
docker_compose_dir="/var/lib/awx/awxcompose"
pg_username=awx
pg_password=awxpass
pg_database=awx
pg_port=5432
pg_admin_password=postgrespass
admin_user=admin
admin_password=password
create_preload_data=True
secret_key=EjN7ns8YyIqUI9/AzDf5WBvj1VDJqo3DyajDkcwn
awx_official=true
awx_alternate_dns_servers="8.8.8.8,8.8.4.4"
project_data_dir=/var/lib/awx/projects
[root@awx installer]# mkdir -p /var/lib/awx/pgdocker
[root@awx installer]# ansible-playbook -i inventory install.yml -vv
ansible-playbook 2.9.20
  config file = /etc/ansible/ansible.cfg
  configured module search path = ['/root/.ansible/plugins/modules', '/usr/share/ansible/plugins/modules']
  ansible python module location = /usr/lib/python3.6/site-packages/ansible
  executable location = /usr/bin/ansible-playbook
  python version = 3.6.8 (default, Aug 24 2020, 17:57:11) [GCC 8.3.1 20191121 (Red Hat 8.3.1-5)]
　　　　　・
　　　　　・
　　　　　・
task path: /root/awx-17.1.0/installer/roles/local_docker/tasks/compose.yml:69
changed: [localhost] => {"changed": true, "cmd": ["docker", "exec", "awx_task", "bash", "-c", "/usr/bin/awx-manage create_preload_data"], "de
lta": "0:00:10.388430", "end": "2021-05-01 22:12:42.094493", "rc": 0, "start": "2021-05-01 22:12:31.706063", "stderr": "", "stderr_lines": []
, "stdout": "Default organization added.\nDemo Credential, Inventory, and Job Template added.\n(changed: True)", "stdout_lines": ["Default or
ganization added.", "Demo Credential, Inventory, and Job Template added.", "(changed: True)"]}
META: ran handlers
META: ran handlers

PLAY RECAP **********************************************************************************************************************************
localhost                  : ok=21   changed=11   unreachable=0    failed=0    skipped=73   rescued=0    ignored=1   

[root@awx installer]# docker images
REPOSITORY    TAG       IMAGE ID       CREATED        SIZE
redis         latest    739b59b96069   10 days ago    105MB
postgres      12        e782ad565d74   2 weeks ago    314MB
ansible/awx   17.1.0    599918776cf2   7 weeks ago    1.41GB
centos        8         300e315adb2f   4 months ago   209MB
[root@awx installer]# docker ps
CONTAINER ID   IMAGE                COMMAND                  CREATED          STATUS          PORTS                                   NAMES
b082bc80c1cd   ansible/awx:17.1.0   "/usr/bin/tini -- /u…"   51 seconds ago   Up 48 seconds   8052/tcp                                awx_tas
k
5980cea0214a   ansible/awx:17.1.0   "/usr/bin/tini -- /b…"   3 minutes ago    Up 47 seconds   0.0.0.0:80->8052/tcp, :::80->8052/tcp   awx_web
b7a9d18fe728   postgres:12          "docker-entrypoint.s…"   3 minutes ago    Up 47 seconds   5432/tcp                                awx_pos
tgres
8a542d8e4831   redis                "docker-entrypoint.s…"   3 minutes ago    Up 48 seconds   6379/tcp                                awx_red
is
[root@awx installer]# cd /var/lib/awx/awxcompose
[root@awx awxcompose]# docker-compose ps
    Name                  Command               State                  Ports                
--------------------------------------------------------------------------------------------
awx_postgres   docker-entrypoint.sh postgres    Up      5432/tcp                            
awx_redis      docker-entrypoint.sh /usr/ ...   Up      6379/tcp                            
awx_task       /usr/bin/tini -- /usr/bin/ ...   Up      8052/tcp                            
awx_web        /usr/bin/tini -- /bin/sh - ...   Up      0.0.0.0:80->8052/tcp,:::80->8052/tcp
[root@awx awxcompose]# docker-compose logs -f
Attaching to awx_task, awx_web, awx_postgres, awx_redis
awx_postgres | The files belonging to this database system will be owned by user "postgres".
awx_postgres | This user must also own the server process.
awx_postgres | 
　　　　　・
　　　　　・
　　　　　・
awx_task    | RESULT 2
awx_task    | OKREADY
awx_web     | RESULT 2
awx_web     | OKREADY
awx_task    | 2021-05-01 13:14:04,372 DEBUG    awx.main.dispatch task a8efc495-de98-41c1-a719-ca72ebfd7c36 starting awx.main.scheduler.tasks.
run_task_manager(*[])
awx_task    | 2021-05-01 13:14:04,375 DEBUG    awx.main.scheduler Running Tower task manager.
awx_task    | 2021-05-01 13:14:04,380 DEBUG    awx.main.scheduler Starting Scheduler
awx_task    | 2021-05-01 13:14:04,415 DEBUG    awx.main.scheduler Finishing Scheduler
awx_task    | 2021-05-01 13:14:14,393 DEBUG    awx.main.dispatch task 05b70fb8-cc13-4ea3-868d-518e0ceba4df starting awx.main.tasks.awx_period
ic_scheduler(*[])
awx_task    | 2021-05-01 13:14:14,401 DEBUG    awx.main.tasks Starting periodic scheduler
awx_task    | 2021-05-01 13:14:14,404 DEBUG    awx.main.tasks Last scheduler run was: 2021-05-01 13:13:44.548511+00:00
awx_task    | 2021-05-01 13:14:24,404 DEBUG    awx.main.dispatch task 42a854f2-c884-4a22-ae62-edcc36d7b107 starting awx.main.scheduler.tasks.
run_task_manager(*[])
awx_task    | 2021-05-01 13:14:24,407 DEBUG    awx.main.scheduler Running Tower task manager.
awx_task    | 2021-05-01 13:14:24,414 DEBUG    awx.main.scheduler Starting Scheduler
awx_task    | 2021-05-01 13:14:24,446 DEBUG    awx.main.scheduler Finishing Scheduler
^CERROR: Aborting.
[root@awx awxcompose]# firewall-cmd --zone=public --add-masquerade --permanent
success
[root@awx awxcompose]# firewall-cmd --permanent --add-service=http
success
[root@awx awxcompose]# firewall-cmd --permanent --add-service=https
success
[root@awx awxcompose]# firewall-cmd --reload
success
[root@awx awxcompose]# logout
[ansible-user@awx ~]$ logout
